took %d ns
 1.34583ms
took %d ns
 1.221858ms
took %d ns
 575.899µs
took %d ns
 1.323664ms
took %d ns
 569.488µs
took %d ns
 953.239µs
took %d ns
 558.976µs
took %d ns
 1.334748ms
took %d ns
 1.122978ms
took %d ns
 495.74µs
took %d ns
 429.295µs
took %d ns
 424.724µs
took %d ns
 641.196µs
took %d ns
 728.032µs
took %d ns
 404.639µs
took %d ns
 1.014157ms
took %d ns
 434.516µs
took %d ns
 429.202µs
took %d ns
 1.238832ms
took %d ns
 457.472µs
took %d ns
 628.243µs
took %d ns
 643.425µs
took %d ns
 638.9µs
took %d ns
 582.514µs
took %d ns
 487.339µs
took %d ns
 598.902µs
took %d ns
 415.22µs
took %d ns
 419.458µs
took %d ns
 1.177445ms
took %d ns
 1.158721ms
took %d ns
 572.904µs
took %d ns
 661.544µs
took %d ns
 634.334µs
took %d ns
 806.329µs
took %d ns
 574.975µs
took %d ns
 613.544µs
took %d ns
 436.671µs
took %d ns
 659.04µs
took %d ns
 465.851µs
took %d ns
 647.778µs
took %d ns
 1.607879ms
took %d ns
 1.061937ms
took %d ns
 723.362µs
took %d ns
 414.226µs
took %d ns
 962.499µs
took %d ns
 432.698µs
took %d ns
 610.376µs
took %d ns
 1.00239ms
took %d ns
 1.237766ms
took %d ns
 486.175µs
took %d ns
 411.773µs
took %d ns
 584.149µs
took %d ns
 559.767µs
took %d ns
 926.927µs
took %d ns
 1.192306ms
took %d ns
 552.346µs
took %d ns
 1.14756ms
took %d ns
 1.132598ms
took %d ns
 599.144µs
took %d ns
 598.583µs
took %d ns
 429.838µs
took %d ns
 429.525µs
took %d ns
 848.394µs
took %d ns
 611.794µs
took %d ns
 754.471µs
took %d ns
 724.082µs
took %d ns
 828.82µs
took %d ns
 675.472µs
took %d ns
 592.015µs
took %d ns
 446.475µs
took %d ns
 739.273µs
took %d ns
 941.895µs
took %d ns
 428.712µs
took %d ns
 471.712µs
took %d ns
 581.835µs
took %d ns
 742.367µs
took %d ns
 452.919µs
took %d ns
 662.506µs
took %d ns
 654.25µs
took %d ns
 419.577µs
took %d ns
 680.339µs
took %d ns
 680.888µs
took %d ns
 423.807µs
took %d ns
 614.858µs
took %d ns
 1.466136ms
took %d ns
 647.01µs
took %d ns
 426.409µs
took %d ns
 475.233µs
took %d ns
 897.923µs
took %d ns
 836.133µs
took %d ns
 486.753µs
took %d ns
 418.071µs
took %d ns
 487.443µs
took %d ns
 429.69µs
took %d ns
 658.016µs
took %d ns
 888.686µs
took %d ns
 605.608µs
took %d ns
 470.008µs
took %d ns
 425.873µs
took %d ns
 429.066µs
took %d ns
 459.38µs
took %d ns
 919.793µs
took %d ns
 690.462µs
took %d ns
 441.56µs
took %d ns
 836.668µs
took %d ns
 1.116315ms
took %d ns
 841.835µs
took %d ns
 689.918µs
took %d ns
 620.043µs
took %d ns
 426.062µs
took %d ns
 414.191µs
took %d ns
 973.978µs
took %d ns
 629.563µs
took %d ns
 600.144µs
took %d ns
 674.331µs
took %d ns
 685.059µs
took %d ns
 801.31µs
took %d ns
 415.212µs
took %d ns
 654.918µs
took %d ns
 935.018µs
took %d ns
 436.96µs
took %d ns
 549.043µs
took %d ns
 436.71µs
took %d ns
 434.992µs
took %d ns
 461.362µs
took %d ns
 846.972µs
took %d ns
 711.739µs
took %d ns
 1.072568ms
took %d ns
 632.127µs
took %d ns
 754.958µs
took %d ns
 1.135881ms
took %d ns
 419.539µs
took %d ns
 424.363µs
took %d ns
 752.948µs
took %d ns
 675.129µs
took %d ns
 524.944µs
took %d ns
 1.523963ms
took %d ns
 1.005845ms
took %d ns
 731.056µs
took %d ns
 442.34µs
took %d ns
 1.135069ms
took %d ns
 784.258µs
took %d ns
 414.07µs
took %d ns
 418.706µs
took %d ns
 423.695µs
took %d ns
 921.945µs
took %d ns
 539.201µs
took %d ns
 1.467808ms
took %d ns
 856.408µs
took %d ns
 417.655µs
took %d ns
 676.769µs
took %d ns
 980.263µs
took %d ns
 1.003756ms
took %d ns
 459.328µs
took %d ns
 418.193µs
took %d ns
 962.728µs
took %d ns
 523.245µs
took %d ns
 973.773µs
took %d ns
 1.010162ms
took %d ns
 432.907µs
took %d ns
 412.109µs
took %d ns
 1.654002ms
took %d ns
 1.133107ms
took %d ns
 550.839µs
took %d ns
 720.183µs
took %d ns
 859.117µs
took %d ns
 1.273264ms
took %d ns
 1.168744ms
took %d ns
 448.302µs
took %d ns
 528.656µs
took %d ns
 434.678µs
took %d ns
 687.395µs
took %d ns
 665.868µs
took %d ns
 640.793µs
took %d ns
 451.294µs
took %d ns
 646.223µs
took %d ns
 585.631µs
took %d ns
 448.553µs
took %d ns
 557.56µs
took %d ns
 601.838µs
took %d ns
 425.708µs
took %d ns
 739.724µs
took %d ns
 672.927µs
took %d ns
 740.299µs
took %d ns
 652.235µs
took %d ns
 632.834µs
took %d ns
 516.371µs
took %d ns
 749.769µs
took %d ns
 849.32µs
took %d ns
 635.553µs
took %d ns
 955.972µs
took %d ns
 426.152µs
took %d ns
 936.345µs
took %d ns
 1.157847ms
took %d ns
 439.976µs
took %d ns
 520.862µs
took %d ns
 649.951µs
took %d ns
 665.533µs
took %d ns
 1.001495ms
took %d ns
 1.208153ms
took %d ns
 618.098µs
took %d ns
 595.596µs
took %d ns
 429.607µs
took %d ns
 1.377138ms
took %d ns
 1.126084ms
took %d ns
 444.797µs
took %d ns
 536.386µs
took %d ns
 760.381µs
took %d ns
 1.125752ms
took %d ns
 958.968µs
took %d ns
 601.119µs
took %d ns
 534.378µs
took %d ns
 430.518µs
took %d ns
 658.355µs
took %d ns
 376.9µs
took %d ns
 465.985µs
took %d ns
 430.85µs
took %d ns
 427.454µs
took %d ns
 427.959µs
took %d ns
 697.897µs
took %d ns
 707.469µs
took %d ns
 486.618µs
took %d ns
 565.728µs
took %d ns
 1.216346ms
took %d ns
 1.074287ms
took %d ns
 526.727µs
took %d ns
 505.842µs
took %d ns
 581.855µs
took %d ns
 456.819µs
took %d ns
 427.977µs
took %d ns
 672.54µs
took %d ns
 847.517µs
took %d ns
 914.07µs
took %d ns
 424.104µs
took %d ns
 1.033099ms
took %d ns
 694.755µs
took %d ns
 606.205µs
took %d ns
 438.91µs
took %d ns
 501.334µs
took %d ns
 1.134444ms
took %d ns
 1.398075ms
took %d ns
 408.724µs
took %d ns
 596.201µs
took %d ns
 730.839µs
took %d ns
 704.765µs
took %d ns
 588.476µs
took %d ns
 657.247µs
took %d ns
 460.351µs
took %d ns
 440.181µs
took %d ns
 1.021235ms
took %d ns
 993.139µs
took %d ns
 701.028µs
took %d ns
 934.16µs
took %d ns
 677.891µs
took %d ns
 641.38µs
took %d ns
 642.286µs
took %d ns
 813.93µs
took %d ns
 417.329µs
took %d ns
 938.786µs
took %d ns
 473.695µs
took %d ns
 1.021469ms
took %d ns
 1.353733ms
took %d ns
 604.244µs
took %d ns
 621.822µs
took %d ns
 423.398µs
took %d ns
 659.786µs
took %d ns
 583.279µs
took %d ns
 643.654µs
took %d ns
 593.639µs
took %d ns
 682.63µs
took %d ns
 1.166134ms
took %d ns
 1.096137ms
took %d ns
 426.214µs
took %d ns
 736.546µs
took %d ns
 989.706µs
took %d ns
 868.251µs
took %d ns
 841.007µs
took %d ns
 703.409µs
took %d ns
 436.351µs
took %d ns
 1.176233ms
took %d ns
 1.139488ms
took %d ns
 631.653µs
took %d ns
 605.282µs
took %d ns
 528.432µs
took %d ns
 614.585µs
took %d ns
 987.489µs
took %d ns
 733.584µs
took %d ns
 457.876µs
took %d ns
 430.5µs
took %d ns
 417.916µs
took %d ns
 703.55µs
took %d ns
 828.055µs
took %d ns
 589.075µs
took %d ns
 1.410716ms
took %d ns
 760.926µs
took %d ns
 497.042µs
took %d ns
 1.16261ms
took %d ns
 568.068µs
took %d ns
 471.527µs
took %d ns
 416.102µs
took %d ns
 979.847µs
took %d ns
 999.689µs
took %d ns
 1.131052ms
took %d ns
 628.426µs
took %d ns
 609.455µs
took %d ns
 418.717µs
took %d ns
 463.7µs
took %d ns
 613.688µs
took %d ns
 513.894µs
took %d ns
 451.182µs
took %d ns
 492.882µs
took %d ns
 417.468µs
took %d ns
 922.942µs
took %d ns
 1.190321ms
took %d ns
 593.019µs
took %d ns
 433.758µs
took %d ns
 428.687µs
took %d ns
 425.045µs
took %d ns
 468.521µs
took %d ns
 488.352µs
took %d ns
 643.245µs
took %d ns
 430.038µs
took %d ns
 651.221µs
took %d ns
 1.957864ms
took %d ns
 1.018917ms
took %d ns
 601.398µs
took %d ns
 592.4µs
took %d ns
 436.419µs
took %d ns
 956.404µs
took %d ns
 741.185µs
took %d ns
 607.462µs
took %d ns
 646.331µs
took %d ns
 607.708µs
took %d ns
 458.244µs
took %d ns
 432.738µs
took %d ns
 550.976µs
took %d ns
 906.764µs
took %d ns
 538.597µs
took %d ns
 845.031µs
took %d ns
 719.139µs
took %d ns
 563.569µs
took %d ns
 479.132µs
took %d ns
 447.652µs
took %d ns
 756.419µs
took %d ns
 851.015µs
took %d ns
 609.433µs
took %d ns
 435.205µs
took %d ns
 432.316µs
took %d ns
 723.673µs
took %d ns
 977.822µs
took %d ns
 633.544µs
took %d ns
 647.176µs
took %d ns
 426.718µs
took %d ns
 979.625µs
took %d ns
 601.795µs
took %d ns
 930.585µs
took %d ns
 1.184536ms
took %d ns
 424.369µs
took %d ns
 554.289µs
took %d ns
 584.839µs
took %d ns
 613.599µs
took %d ns
 447.383µs
took %d ns
 590.108µs
took %d ns
 421.548µs
took %d ns
 424.11µs
took %d ns
 437.386µs
took %d ns
 1.146873ms
took %d ns
 1.190565ms
took %d ns
 623.774µs
took %d ns
 415.414µs
took %d ns
 563.497µs
took %d ns
 985.911µs
took %d ns
 1.295904ms
took %d ns
 433.678µs
took %d ns
 957.644µs
took %d ns
 1.838271ms
took %d ns
 1.157587ms
took %d ns
 609.439µs
took %d ns
 437.79µs
took %d ns
 937.706µs
took %d ns
 424.524µs
took %d ns
 1.811057ms
took %d ns
 711.28µs
took %d ns
 699.481µs
took %d ns
 602.149µs
took %d ns
 484.472µs
took %d ns
 1.189273ms
took %d ns
 1.145369ms
took %d ns
 623.893µs
took %d ns
 432.125µs
took %d ns
 433.133µs
took %d ns
 695.796µs
took %d ns
 1.037679ms
took %d ns
 674.893µs
took %d ns
 425.067µs
took %d ns
 586.082µs
took %d ns
 436.828µs
took %d ns
 958.305µs
took %d ns
 1.001355ms
took %d ns
 653.458µs
took %d ns
 445.006µs
took %d ns
 798.756µs
took %d ns
 921.585µs
took %d ns
 833.114µs
took %d ns
 516.337µs
took %d ns
 436.214µs
took %d ns
 653.323µs
took %d ns
 653.093µs
took %d ns
 694.852µs
took %d ns
 634.082µs
took %d ns
 455.759µs
took %d ns
 1.375376ms
took %d ns
 882.258µs
took %d ns
 521.72µs
took %d ns
 434.695µs
took %d ns
 782.487µs
took %d ns
 862.761µs
took %d ns
 428.974µs
took %d ns
 628.064µs
took %d ns
 428.105µs
took %d ns
 810.109µs
took %d ns
 959.313µs
took %d ns
 539.851µs
took %d ns
 975.606µs
took %d ns
 1.001439ms
took %d ns
 569.035µs
took %d ns
 443.107µs
took %d ns
 436.961µs
took %d ns
 1.173113ms
took %d ns
 644.944µs
took %d ns
 497.921µs
took %d ns
 819.897µs
took %d ns
 442.531µs
took %d ns
 418.556µs
took %d ns
 691.24µs
took %d ns
 685.559µs
took %d ns
 718.424µs
took %d ns
 414.484µs
took %d ns
 598.919µs
took %d ns
 717.93µs
took %d ns
 706.218µs
took %d ns
 524.196µs
took %d ns
 541.842µs
took %d ns
 430.834µs
took %d ns
 420.367µs
took %d ns
 468.104µs
took %d ns
 444.389µs
took %d ns
 490.094µs
took %d ns
 552.09µs
took %d ns
 1.108113ms
took %d ns
 664.673µs
took %d ns
 432.317µs
took %d ns
 470.228µs
took %d ns
 492.394µs
took %d ns
 966.077µs
took %d ns
 1.066407ms
took %d ns
 425.165µs
took %d ns
 416.018µs
took %d ns
 582.579µs
took %d ns
 1.583864ms
took %d ns
 1.163053ms
took %d ns
 419.082µs
took %d ns
 513.784µs
took %d ns
 427.614µs
took %d ns
 658.236µs
took %d ns
 428.022µs
took %d ns
 673.828µs
took %d ns
 938.026µs
took %d ns
 678.86µs
took %d ns
 1.111006ms
took %d ns
 1.038957ms
took %d ns
 479.68µs
took %d ns
 423.13µs
took %d ns
 425.205µs
took %d ns
 612.147µs
took %d ns
 708.223µs
took %d ns
 676.802µs
took %d ns
 606.758µs
took %d ns
 473.872µs
took %d ns
 519.236µs
took %d ns
 664.12µs
took %d ns
 428.267µs
took %d ns
 1.081724ms
took %d ns
 682.253µs
took %d ns
 440.614µs
took %d ns
 645.995µs
took %d ns
 862.3µs
took %d ns
 691.709µs
took %d ns
 598.761µs
took %d ns
 673.041µs
took %d ns
 926.495µs
took %d ns
 427.281µs
took %d ns
 408.519µs
took %d ns
 883.346µs
took %d ns
 542.575µs
took %d ns
 408.263µs
took %d ns
 429.833µs
took %d ns
 809.719µs
took %d ns
 1.005143ms
took %d ns
 607.874µs
took %d ns
 453.607µs
took %d ns
 615.006µs
took %d ns
 630.314µs
took %d ns
 786.11µs
took %d ns
 646.182µs
took %d ns
 705.662µs
took %d ns
 630.152µs
